
Allocating common symbols
Common symbol       size              file

presto_master_clock
                    0x8               kernel.o
old_task_stack_pointer_p
                    0x2               kernel.o
idle_tid            0x1               kernel.o
idle_stack          0x32              kernel.o
task_one_stack      0x100             test.o
task_four_stack     0x100             test.o
task_three_stack    0x100             test.o
idle_tcb_p          0x2               kernel.o
task_two_stack      0x100             test.o
tcb_list            0xd0              kernel.o
mail_list           0x320             kernel.o

Memory Configuration

Name             Origin             Length             Attributes
page0            0x00000040         0x000000c0         xrw
nothing          0x00000100         0x00007f00
rom              0x00008000         0x00003fd6         xrw
specvect         0x0000bfd6         0x0000002a         r
ram              0x0000c000         0x00003fd6         xrw
normvect         0x0000ffd6         0x0000002a         r

Linker script and memory map


.specvect       0x0000bfd6       0x2a
                0x0000bfd6                __specvect_start = .
 *(.specvect)
 .specvect      0x0000bfd6       0x2a intvect.o
                0x0000c000                __specvect_end = .

.normvect       0x0000ffd6       0x2a
                0x0000ffd6                __normvect_start = .
 *(.normvect)
 .normvect      0x0000ffd6       0x2a intvect.o
                0x00010000                __normvect_end = .

.text           0x00008000      0xb27
                0x00008000                __text_start = .
 *(.text)
 .text          0x00008000      0x7a5 kernel.o
                0x00008441                systimer_ISR
                0x0000834d                presto_wait_for_message
                0x0000840e                systimer_Start
                0x00008000                presto_init
                0x000083f8                presto_get_clock
                0x000084cb                scheduler_FindNextReadyTask
                0x000084e3                msg_Create
                0x00008342                presto_mail_waiting
                0x0000827d                presto_start_scheduler
                0x00008773                tid_to_tcbptr
                0x000082ea                presto_timer
                0x00008316                presto_repeating_timer
                0x00008771                idle_task
                0x000080dd                presto_create_task
                0x000082c4                presto_send_message
                0x0000866c                msg_DeliverToTasks
                0x000085a2                msg_InsertIntoPostOffice
                0x0000842f                systimer_Restart
                0x00008638                msg_InsertIntoTaskQueue
                0x00008469                context_switch_isr
 .text          0x000087a5       0x44 system.o
                0x000087a5                premain
                0x000087e7                exit
 .text          0x000087e9       0x2f crt11.o
                0x000087e9                _start
 .text          0x00008818      0x12a clock.o
                0x000088a7                clock_add_us
                0x000088ca                clock_add_sec
                0x0000889b                clock_reset
                0x00008818                clock_add
                0x000088da                clock_compare
                0x000088b7                clock_add_ms
 .text          0x00008942       0x59 error.o
                0x00008942                presto_fatal_error
 .text          0x0000899b       0x14 intvect.o
                0x0000899b                inert_isr
                0x0000899d                set_interrupt
 .text          0x000089af      0x178 test.o
                0x000089f7                Two
                0x00008a2d                Four
                0x000089af                assert_lights
                0x00008a12                Three
                0x00008a9c                main
                0x000089c3                One
 *(.strings)
                0x00008b27                __text_end = .

.data           0x0000c000       0x18 load address 0x00008b27
                0x0000c000                __data_start = .
 *(.data)
 .data          0x0000c000       0x10 kernel.o
                0x0000c003                tcb_head_p
                0x0000c008                free_mail_p
                0x0000c00a                po_mail_p
                0x0000c00c                global_new_sp
                0x0000c007                presto_initialized
                0x0000c005                free_tcb_p
                0x0000c000                current_tcb_p
                0x0000c00e                global_old_sp
                0x0000c002                current_tid
 .data          0x0000c010        0x8 test.o
                0x0000c017                light4
                0x0000c016                light3
                0x0000c012                three_tid
                0x0000c014                light1
                0x0000c015                light2
                0x0000c011                two_tid
                0x0000c010                one_tid
                0x0000c013                four_tid
                0x0000c018                __data_end = .

.bss            0x0000c018      0x82f
                0x0000c018                __bss_start = .
 *(.bss)
 *(COMMON)
 COMMON         0x0000c018      0x42f kernel.o
                                  0x0 (size before relaxing)
                0x0000c018                presto_master_clock
                0x0000c020                old_task_stack_pointer_p
                0x0000c022                idle_tid
                0x0000c023                idle_stack
                0x0000c055                idle_tcb_p
                0x0000c057                tcb_list
                0x0000c127                mail_list
 COMMON         0x0000c447      0x400 test.o
                                  0x0 (size before relaxing)
                0x0000c447                task_one_stack
                0x0000c547                task_four_stack
                0x0000c647                task_three_stack
                0x0000c747                task_two_stack
                0x0000c847                __bss_end = .

.stack          0x0000c847        0x0
                0x0000c847                __stack_start = .
 *(.stack)
                0x0000c847                __stack_end = .

.comment        0x0000c847       0xd2
                0x0000c847                __comment_start = .
 *(.comment)
 .comment       0x0000c847       0x23 kernel.o
 .comment       0x0000c86a       0x23 system.o
 .comment       0x0000c88d       0x23 clock.o
 .comment       0x0000c8b0       0x23 error.o
 .comment       0x0000c8d3       0x23 intvect.o
 .comment       0x0000c8f6       0x23 test.o
                0x0000c919                __comment_end = .

.debug          0x00000100     0x3e1f
                0x00000100                __debug_start = .
 *(.debug_abbrev)
 .debug_abbrev  0x00000100      0x1c4 kernel.o
 .debug_abbrev  0x000002c4       0xc5 system.o
 .debug_abbrev  0x00000389       0xd4 clock.o
 .debug_abbrev  0x0000045d       0xc1 error.o
 .debug_abbrev  0x0000051e       0xf2 intvect.o
 .debug_abbrev  0x00000610       0xfd test.o
 *(.debug_info)
 .debug_info    0x0000070d      0xfc3 kernel.o
 .debug_info    0x000016d0      0x2ce system.o
 .debug_info    0x0000199e      0x454 clock.o
 .debug_info    0x00001df2      0x49a error.o
 .debug_info    0x0000228c      0x52b intvect.o
 .debug_info    0x000027b7      0x7c8 test.o
 *(.debug_line)
 .debug_line    0x00002f7f      0x5fb kernel.o
 .debug_line    0x0000357a       0xab system.o
 .debug_line    0x00003625      0x177 clock.o
 .debug_line    0x0000379c       0x85 error.o
 .debug_line    0x00003821       0x7b intvect.o
 .debug_line    0x0000389c      0x1a9 test.o
 *(.debug_pubnames)
 .debug_pubnames
                0x00003a45      0x2e4 kernel.o
 .debug_pubnames
                0x00003d29       0x27 system.o
 .debug_pubnames
                0x00003d50       0x76 clock.o
 .debug_pubnames
                0x00003dc6       0x29 error.o
 .debug_pubnames
                0x00003def       0x32 intvect.o
 .debug_pubnames
                0x00003e21       0xfe test.o
                0x00003f1f                __debug_end = .
                0x00008b27                __idata_start = __text_end
                0x00008b3f                __idata_end = ((__data_end - __data_start) + __idata_start)
                0x0000b5ff                init_sp = 0xb5ff
                0x00000000                _.tmp = 0x0
                0x00000002                _.z = 0x2
                0x00000004                _.xy = 0x4
LOAD kernel.o
LOAD system.o
LOAD crt11.o
LOAD clock.o
LOAD error.o
LOAD intvect.o
LOAD test.o
OUTPUT(presto.elf elf32-m68hc11)

.debug_aranges  0x00000040       0x78
 .debug_aranges
                0x00000040       0x14 kernel.o
 .debug_aranges
                0x00000054       0x14 system.o
 .debug_aranges
                0x00000068       0x14 clock.o
 .debug_aranges
                0x0000007c       0x14 error.o
 .debug_aranges
                0x00000090       0x14 intvect.o
 .debug_aranges
                0x000000a4       0x14 test.o

Cross Reference Table

Symbol                                            File
Four                                              test.o
One                                               test.o
Three                                             test.o
Two                                               test.o
_.tmp                                             kernel.o
_.xy                                              error.o
                                                  clock.o
                                                  kernel.o
_.z                                               error.o
                                                  clock.o
                                                  kernel.o
__bss_end                                         crt11.o
__bss_start                                       crt11.o
__data_start                                      crt11.o
__idata_end                                       crt11.o
__idata_start                                     crt11.o
_start                                            crt11.o
                                                  intvect.o
assert_lights                                     test.o
clock_add                                         clock.o
                                                  kernel.o
clock_add_ms                                      clock.o
clock_add_sec                                     clock.o
clock_add_us                                      clock.o
clock_compare                                     clock.o
                                                  kernel.o
clock_reset                                       clock.o
                                                  kernel.o
context_switch_isr                                kernel.o
current_tcb_p                                     kernel.o
current_tid                                       kernel.o
exit                                              system.o
four_tid                                          test.o
free_mail_p                                       kernel.o
free_tcb_p                                        kernel.o
global_new_sp                                     kernel.o
global_old_sp                                     kernel.o
idle_stack                                        kernel.o
idle_task                                         kernel.o
idle_tcb_p                                        kernel.o
idle_tid                                          kernel.o
inert_isr                                         intvect.o
init_sp                                           crt11.o
light1                                            test.o
light2                                            test.o
light3                                            test.o
light4                                            test.o
mail_list                                         kernel.o
main                                              test.o
                                                  crt11.o
msg_Create                                        kernel.o
msg_DeliverToTasks                                kernel.o
msg_InsertIntoPostOffice                          kernel.o
msg_InsertIntoTaskQueue                           kernel.o
old_task_stack_pointer_p                          kernel.o
one_tid                                           test.o
po_mail_p                                         kernel.o
premain                                           system.o
                                                  crt11.o
presto_create_task                                kernel.o
                                                  test.o
presto_fatal_error                                error.o
                                                  test.o
                                                  kernel.o
presto_get_clock                                  kernel.o
presto_init                                       kernel.o
                                                  test.o
presto_initialized                                kernel.o
presto_mail_waiting                               kernel.o
presto_master_clock                               kernel.o
presto_repeating_timer                            kernel.o
                                                  test.o
presto_send_message                               kernel.o
                                                  test.o
presto_start_scheduler                            kernel.o
                                                  test.o
presto_timer                                      kernel.o
                                                  test.o
presto_wait_for_message                           kernel.o
                                                  test.o
scheduler_FindNextReadyTask                       kernel.o
set_interrupt                                     intvect.o
                                                  kernel.o
systimer_ISR                                      kernel.o
systimer_Restart                                  kernel.o
systimer_Start                                    kernel.o
task_four_stack                                   test.o
task_one_stack                                    test.o
task_three_stack                                  test.o
task_two_stack                                    test.o
tcb_head_p                                        kernel.o
tcb_list                                          kernel.o
three_tid                                         test.o
tid_to_tcbptr                                     kernel.o
two_tid                                           test.o
