Archive member included because of file (symbol)

c:\programs\avr\gnu\lib\gcc-lib\avr\3.3\libgcc.a(_mulhi3.o)
                              cpu_timer.o (__mulhi3)
c:\programs\avr\gnu\lib\gcc-lib\avr\3.3\libgcc.a(_exit.o)
                              small_test.o (exit)
c:\programs\avr\gnu\lib\gcc-lib\avr\3.3\libgcc.a(_copy_data.o)
                              vectors.o (__do_copy_data)
c:\programs\avr\gnu\lib\gcc-lib\avr\3.3\libgcc.a(_clear_bss.o)
                              vectors.o (__do_clear_bss)

Allocating common symbols
Common symbol       size              file

hgh_tid             0x1               small_test.o
low_tid             0x1               small_test.o
led_tid             0x1               small_test.o
med_tid             0x1               small_test.o

Memory Configuration

Name             Origin             Length             Attributes
vectors          0x00000000         0x0000001c         xr
rom              0x0000001c         0x00001fe4         xr
gpregs           0x00800000         0x00000020         rw
ioregs           0x00800020         0x00000040         rw
ram              0x00800060         0x00000200         rw
*default*        0x00000000         0xffffffff
eeprom           0x00000000         0xffffffff

Linker script and memory map


.vectors        0x00000000       0x1a
                0x00000000                __vectors_start = .
 vectors.o(.vectors)
 .vectors       0x00000000       0x1a vectors.o
                0x00000000                vector_table
                0x0000001a                __vectors_end = .

/DISCARD/
 *(.vectors)
 *(.fini)
 *(.fini7)
 *(.fini6)
 *(.fini5)
 *(.fini4)
 *(.fini3)
 *(.fini2)
 *(.fini1)
 *(.fini0)
 *(.dtors)

.hash
 *(.hash)

.dynsym
 *(.dynsym)

.dynstr
 *(.dynstr)

.gnu.version
 *(.gnu.version)

.gnu.version_d
 *(.gnu.version_d)

.gnu.version_r
 *(.gnu.version_r)

.rel.init
 *(.rel.init)

.rela.init
 *(.rela.init)

.rel.text
 *(.rel.text)
 *(.rel.text.*)
 *(.rel.gnu.linkonce.t*)

.rela.text
 *(.rela.text)
 *(.rela.text.*)
 *(.rela.gnu.linkonce.t*)

.rel.fini
 *(.rel.fini)

.rela.fini
 *(.rela.fini)

.rel.rodata
 *(.rel.rodata)
 *(.rel.rodata.*)
 *(.rel.gnu.linkonce.r*)

.rela.rodata
 *(.rela.rodata)
 *(.rela.rodata.*)
 *(.rela.gnu.linkonce.r*)

.rel.data
 *(.rel.data)
 *(.rel.data.*)
 *(.rel.gnu.linkonce.d*)

.rela.data
 *(.rela.data)
 *(.rela.data.*)
 *(.rela.gnu.linkonce.d*)

.rel.ctors
 *(.rel.ctors)

.rela.ctors
 *(.rela.ctors)

.rel.dtors
 *(.rel.dtors)

.rela.dtors
 *(.rela.dtors)

.rel.got
 *(.rel.got)

.rela.got
 *(.rela.got)

.rel.bss
 *(.rel.bss)

.rela.bss
 *(.rela.bss)

.rel.plt
 *(.rel.plt)

.rela.plt
 *(.rela.plt)

.text           0x0000001c      0xc70
 *(.init0)
 *(.init1)
 *(.init2)
 .init2         0x0000001c        0xc c:\programs\avr\gnu\avr\lib\crts8515.o
 *(.init3)
 *(.init4)
 .init4         0x00000028       0x18 c:\programs\avr\gnu\lib\gcc-lib\avr\3.3\libgcc.a(_copy_data.o)
                0x00000028                __do_copy_data
 .init4         0x00000040       0x10 c:\programs\avr\gnu\lib\gcc-lib\avr\3.3\libgcc.a(_clear_bss.o)
                0x00000040                __do_clear_bss
 *(.init5)
 *(.init6)
 *(.init7)
 *(.init8)
 *(.init9)
 .init9         0x00000050        0x2 c:\programs\avr\gnu\avr\lib\crts8515.o
 *(.init)
 *(.progmem.gcc*)
 *(.progmem*)
                0x00000052                . = ALIGN (0x2)
 *(.text)
 .text          0x00000052       0x56 vectors.o
                0x000000a2                __vector_default
 .text          0x000000a8      0x144 small_test.o
                0x000000ca                hgh
                0x000000a8                led
                0x00000144                low
                0x0000018a                main
                0x00000110                med
 .text          0x000001ec       0xc6 clock.o
                0x00000238                clock_add_sec
                0x000001ec                clock_reset
                0x0000023a                clock_compare
                0x000001fe                clock_add_ms
 .text          0x000002b2      0x2a2 timer.o
                0x0000037c                presto_timer_stop
                0x00000382                kernel_master_clock_start
                0x000002b2                presto_timer_start
                0x00000330                presto_timer_wait
                0x00000380                kernel_timer_init
                0x00000394                timer_isr
 .text          0x00000554      0x612 kernel.o
                0x000008a8                kernel_trigger_set_noswitch
                0x00000554                presto_init
                0x00000694                presto_scheduler_start
                0x00000864                presto_trigger_poll
                0x000005da                presto_task_create
                0x00000732                presto_priority_set
                0x00000846                presto_trigger_clear
                0x00000726                presto_priority_get
                0x0000082c                presto_trigger_set
                0x000008c8                kernel_current_task
                0x0000078c                presto_priority_restore
                0x000008d6                kernel_context_switch
                0x00000760                presto_priority_override
                0x000007b6                presto_wait
                0x0000087a                presto_trigger_send
                0x000009e0                context_switch_isr
 .text          0x00000b66       0x12 boot.o
                0x00000b66                reset_vector
 .text          0x00000b78       0xca error.o
                0x00000bea                error_fatal
                0x00000bfa                error_crash
                0x00000b78                show_one_byte
                0x00000bfc                error_address
 .text          0x00000c42       0x24 cpu_timer.o
                0x00000c42                hwtimer_start
 .text          0x00000c66        0x2 c:\programs\avr\gnu\avr\lib\crts8515.o
                0x00000c66                __vector_1
                0x00000c66                __vector_12
                0x00000c66                __bad_interrupt
                0x00000c66                __vector_6
                0x00000c66                __vector_3
                0x00000c66                __vector_11
                0x00000c66                __vector_7
                0x00000c66                __vector_5
                0x00000c66                __vector_4
                0x00000c66                __vector_9
                0x00000c66                __vector_2
                0x00000c66                __vector_8
                0x00000c66                __vector_10
                0x00000c68                . = ALIGN (0x2)
 *(.text.*)
 .text.libgcc   0x00000c68       0x24 c:\programs\avr\gnu\lib\gcc-lib\avr\3.3\libgcc.a(_mulhi3.o)
                0x00000c68                __mulhi3
                0x00000c8c                . = ALIGN (0x2)
                0x00000c8c                __CTOR_LIST__ = .
 *(.ctors)
                0x00000c8c                __CTOR_END__ = .
                0x00000c8c                _etext = .

.data           0x00800060        0x0 load address 0x00000c8c
 *(.data)
 *(.gnu.linkonce.d*)
                0x00800060                . = ALIGN (0x2)
                0x00800060                _edata = .
                0x00000000                __data_length = SIZEOF (.data)
                0x00800060                __data_start = ADDR (.data)
                0x00800060                __data_end = (__data_start + SIZEOF (.data))
                0x00000c8c                __data_load_start = LOADADDR (.data)
                0x00000c8c                __data_load_end = (__data_load_start + SIZEOF (.data))

.bss            0x00800060      0x1f0
 *(.bss)
 .bss           0x00800060      0x12b small_test.o
 .bss           0x0080018b        0x8 timer.o
 .bss           0x00800193       0xb9 kernel.o
 *(COMMON)
 COMMON         0x0080024c        0x4 small_test.o
                                  0x0 (size before relaxing)
                0x0080024c                hgh_tid
                0x0080024d                low_tid
                0x0080024e                led_tid
                0x0080024f                med_tid
                0x00800250                _end = .
                0x000001f0                __bss_length = SIZEOF (.bss)
                0x00800060                __bss_start = LOADADDR (.bss)
                0x00800250                __bss_end = (__bss_start + SIZEOF (.bss))

.eeprom         0x00000000        0x0 load address 0x00000c8c
 *(.eeprom*)
                0x00000000                __eeprom_end = .

.stab           0x00000000     0x3504
 *(.stab)
 .stab          0x00000000      0x504 vectors.o
 .stab          0x00000504      0x708 small_test.o
                                0x834 (size before relaxing)
 .stab          0x00000c0c      0x354 clock.o
                                0x45c (size before relaxing)
 .stab          0x00000f60      0x210 memory.o
                                0x4d4 (size before relaxing)
 .stab          0x00001170      0x1e0 semaphore.o
                                0x4a4 (size before relaxing)
 .stab          0x00001350      0x768 timer.o
                                0xa50 (size before relaxing)
 .stab          0x00001ab8      0x1e0 mail.o
                                0x4a4 (size before relaxing)
 .stab          0x00001c98     0x1068 kernel.o
                               0x138c (size before relaxing)
 .stab          0x00002d00      0x240 boot.o
                                0x27c (size before relaxing)
 .stab          0x00002f40      0x3c0 error.o
                                0x540 (size before relaxing)
 .stab          0x00003300      0x204 cpu_timer.o
                                0x318 (size before relaxing)

.stabstr        0x00000000     0x1fb5
 *(.stabstr)
 .stabstr       0x00000000     0x1fb5 vectors.o
                                  0x0 (size before relaxing)

.stab.excl
 *(.stab.excl)

.stab.exclstr
 *(.stab.exclstr)

.stab.index
 *(.stab.index)

.stab.indexstr
 *(.stab.indexstr)

.comment
 *(.comment)

.debug
 *(.debug)

.line
 *(.line)

.debug_srcinfo
 *(.debug_srcinfo)

.debug_sfnames
 *(.debug_sfnames)

.debug_aranges
 *(.debug_aranges)

.debug_pubnames
 *(.debug_pubnames)

.debug_info
 *(.debug_info)
 *(.gnu.linkonce.wi.*)

.debug_abbrev
 *(.debug_abbrev)

.debug_line
 *(.debug_line)

.debug_frame
 *(.debug_frame)

.debug_str
 *(.debug_str)

.debug_loc
 *(.debug_loc)

.debug_macinfo
 *(.debug_macinfo)
LOAD small_test.o
LOAD clock.o
LOAD memory.o
LOAD semaphore.o
LOAD timer.o
LOAD mail.o
LOAD kernel.o
LOAD boot.o
LOAD error.o
LOAD cpu_timer.o
LOAD vectors.o
LOAD c:\programs\avr\gnu\avr\lib\crts8515.o
LOAD c:\programs\avr\gnu\lib\gcc-lib\avr\3.3\libgcc.a
OUTPUT(presto.elf elf32-avr)

.fini9          0x0000001a        0x0

Cross Reference Table

Symbol                                            File
__bad_interrupt                                   c:\programs\avr\gnu\avr\lib\crts8515.o
__bss_end                                         c:\programs\avr\gnu\lib\gcc-lib\avr\3.3\libgcc.a(_clear_bss.o)
__bss_start                                       c:\programs\avr\gnu\lib\gcc-lib\avr\3.3\libgcc.a(_clear_bss.o)
__data_end                                        c:\programs\avr\gnu\lib\gcc-lib\avr\3.3\libgcc.a(_copy_data.o)
__data_load_start                                 c:\programs\avr\gnu\lib\gcc-lib\avr\3.3\libgcc.a(_copy_data.o)
__data_start                                      c:\programs\avr\gnu\lib\gcc-lib\avr\3.3\libgcc.a(_copy_data.o)
__do_clear_bss                                    c:\programs\avr\gnu\lib\gcc-lib\avr\3.3\libgcc.a(_clear_bss.o)
                                                  cpu_timer.o
                                                  error.o
                                                  boot.o
                                                  kernel.o
                                                  mail.o
                                                  timer.o
                                                  semaphore.o
                                                  memory.o
                                                  clock.o
                                                  small_test.o
                                                  vectors.o
__do_copy_data                                    c:\programs\avr\gnu\lib\gcc-lib\avr\3.3\libgcc.a(_copy_data.o)
                                                  cpu_timer.o
                                                  error.o
                                                  boot.o
                                                  kernel.o
                                                  mail.o
                                                  timer.o
                                                  semaphore.o
                                                  memory.o
                                                  clock.o
                                                  small_test.o
                                                  vectors.o
__heap_end                                        c:\programs\avr\gnu\avr\lib\crts8515.o
__init                                            c:\programs\avr\gnu\avr\lib\crts8515.o
                                                  boot.o
__mulhi3                                          c:\programs\avr\gnu\lib\gcc-lib\avr\3.3\libgcc.a(_mulhi3.o)
                                                  cpu_timer.o
__stack                                           c:\programs\avr\gnu\avr\lib\crts8515.o
                                                  small_test.o
__vector_1                                        c:\programs\avr\gnu\avr\lib\crts8515.o
__vector_10                                       c:\programs\avr\gnu\avr\lib\crts8515.o
__vector_11                                       c:\programs\avr\gnu\avr\lib\crts8515.o
__vector_12                                       c:\programs\avr\gnu\avr\lib\crts8515.o
__vector_2                                        c:\programs\avr\gnu\avr\lib\crts8515.o
__vector_3                                        c:\programs\avr\gnu\avr\lib\crts8515.o
__vector_4                                        c:\programs\avr\gnu\avr\lib\crts8515.o
__vector_5                                        c:\programs\avr\gnu\avr\lib\crts8515.o
__vector_6                                        c:\programs\avr\gnu\avr\lib\crts8515.o
__vector_7                                        c:\programs\avr\gnu\avr\lib\crts8515.o
__vector_8                                        c:\programs\avr\gnu\avr\lib\crts8515.o
__vector_9                                        c:\programs\avr\gnu\avr\lib\crts8515.o
__vector_default                                  c:\programs\avr\gnu\avr\lib\crts8515.o
                                                  vectors.o
__vectors                                         c:\programs\avr\gnu\avr\lib\crts8515.o
_exit                                             c:\programs\avr\gnu\lib\gcc-lib\avr\3.3\libgcc.a(_exit.o)
clock_add_ms                                      clock.o
                                                  timer.o
clock_add_sec                                     clock.o
clock_compare                                     clock.o
                                                  timer.o
clock_reset                                       clock.o
                                                  timer.o
context_switch_isr                                kernel.o
                                                  vectors.o
error_address                                     error.o
error_crash                                       error.o
error_fatal                                       error.o
                                                  kernel.o
                                                  vectors.o
exit                                              c:\programs\avr\gnu\lib\gcc-lib\avr\3.3\libgcc.a(_exit.o)
                                                  small_test.o
hgh                                               small_test.o
hgh_tid                                           small_test.o
hwtimer_start                                     cpu_timer.o
                                                  timer.o
kernel_context_switch                             kernel.o
                                                  timer.o
kernel_current_task                               kernel.o
                                                  timer.o
kernel_master_clock_start                         timer.o
                                                  kernel.o
kernel_timer_init                                 timer.o
                                                  kernel.o
kernel_trigger_set_noswitch                       kernel.o
                                                  timer.o
led                                               small_test.o
led_tid                                           small_test.o
low                                               small_test.o
low_tid                                           small_test.o
main                                              small_test.o
                                                  c:\programs\avr\gnu\avr\lib\crts8515.o
med                                               small_test.o
med_tid                                           small_test.o
presto_init                                       kernel.o
                                                  small_test.o
presto_priority_get                               kernel.o
                                                  timer.o
presto_priority_override                          kernel.o
presto_priority_restore                           kernel.o
presto_priority_set                               kernel.o
presto_scheduler_start                            kernel.o
                                                  small_test.o
presto_task_create                                kernel.o
                                                  small_test.o
presto_timer_start                                timer.o
                                                  small_test.o
presto_timer_stop                                 timer.o
presto_timer_wait                                 timer.o
presto_trigger_clear                              kernel.o
presto_trigger_poll                               kernel.o
presto_trigger_send                               kernel.o
                                                  small_test.o
presto_trigger_set                                kernel.o
presto_wait                                       kernel.o
                                                  timer.o
                                                  small_test.o
reset_vector                                      boot.o
                                                  vectors.o
show_one_byte                                     error.o
timer_isr                                         timer.o
                                                  vectors.o
vector_table                                      vectors.o
